// Jest Snapshot v1, https://goo.gl/fbAQLP

exports[`DialogComponent <DialogComponent /> Dialog Component renders correctly 1`] = `[Function]`;
